[2026-01-31 18:18:38] 🚀 [天库大阵] 开始执行持久化命题任务...
[2026-01-31 18:18:38] Processing Week 01 | 化学: 物质的分类与转化
[2026-01-31 18:19:35]   [EMPTY] 返回无效，重试 1
[2026-01-31 18:20:44]   [EMPTY] 返回无效，重试 2
[2026-01-31 18:22:00]   [EMPTY] 返回无效，重试 3
[2026-01-31 18:22:10]   [FAILED] 化学 跳过
[2026-01-31 18:22:13] Processing Week 02 | 数学: 集合的基本关系与运算
[2026-01-31 18:23:03]   [EMPTY] 返回无效，重试 1
[2026-01-31 18:23:48]   [EMPTY] 返回无效，重试 2
[2026-01-31 18:24:46]   [EMPTY] 返回无效，重试 3
[2026-01-31 18:24:56]   [FAILED] 数学 跳过
[2026-01-31 18:24:59] Processing Week 03 | 数学: 充分条件与必要条件
[2026-01-31 18:25:44]   [EMPTY] 返回无效，重试 1
[2026-01-31 18:26:51]   [EMPTY] 返回无效，重试 2
[2026-01-31 18:27:57]   [EMPTY] 返回无效，重试 3
[2026-01-31 18:28:07]   [FAILED] 数学 跳过
[2026-01-31 18:28:10] Processing Week 03 | 物理: 速度与速率
[2026-01-31 18:29:09]   [EMPTY] 返回无效，重试 1
[2026-01-31 18:30:09]   [EMPTY] 返回无效，重试 2
[2026-01-31 18:30:56]   [EMPTY] 返回无效，重试 3
[2026-01-31 18:31:06]   [FAILED] 物理 跳过
[2026-01-31 18:31:09] Processing Week 03 | 化学: 气体摩尔体积
[2026-01-31 18:31:54]   [EMPTY] 返回无效，重试 1
[2026-01-31 18:33:02]   [EMPTY] 返回无效，重试 2
[2026-01-31 18:34:07]   [EMPTY] 返回无效，重试 3
[2026-01-31 18:34:17]   [FAILED] 化学 跳过
[2026-01-31 18:34:20] Processing Week 03 | 英语: Unit 1: Grammar (Noun Phrases)
[2026-01-31 18:35:17]   [EMPTY] 返回无效，重试 1
[2026-01-31 18:36:12]   [EMPTY] 返回无效，重试 2
[2026-01-31 18:36:55]   [EMPTY] 返回无效，重试 3
[2026-01-31 18:37:05]   [FAILED] 英语 跳过
[2026-01-31 18:37:08] Processing Week 04 | 数学: 一元二次函数与不等式
[2026-01-31 18:38:11]   [EMPTY] 返回无效，重试 1
[2026-01-31 18:39:02]   [EMPTY] 返回无效，重试 2
[2026-01-31 18:44:59]   [EMPTY] 返回无效，重试 3
[2026-01-31 18:45:09]   [FAILED] 数学 跳过
[2026-01-31 18:45:12] Processing Week 04 | 物理: 速度变化快慢——加速度
[2026-01-31 18:46:20]   [EMPTY] 返回无效，重试 1
[2026-01-31 18:47:12]   [SUCCESS] 物理 已入库
[2026-01-31 18:47:15] Processing Week 04 | 生物: 遗传信息的携带者——核酸
[2026-01-31 18:48:16]   [SUCCESS] 生物 已入库
[2026-01-31 18:48:19] Processing Week 04 | 英语: Unit 1: Reading & Writing
[2026-01-31 18:49:33]   [SUCCESS] 英语 已入库
[2026-01-31 18:49:36] Processing Week 05 | 数学: 函数的概念与表示
[2026-01-31 18:50:02]   [EMPTY] 返回无效，重试 1
[2026-01-31 18:50:58]   [EMPTY] 返回无效，重试 2
[2026-01-31 18:52:16]   [EMPTY] 返回无效，重试 3
[2026-01-31 18:52:26]   [FAILED] 数学 跳过
[2026-01-31 18:52:29] Processing Week 05 | 物理: 匀变速直线运动的规律
[2026-01-31 18:53:26]   [EMPTY] 返回无效，重试 1
[2026-01-31 18:54:21]   [EMPTY] 返回无效，重试 2
[2026-01-31 18:55:30]   [EMPTY] 返回无效，重试 3
[2026-01-31 18:55:40]   [FAILED] 物理 跳过
[2026-01-31 18:55:43] Processing Week 05 | 化学: 电解质与离子反应
[2026-01-31 18:56:48]   [EMPTY] 返回无效，重试 1
[2026-01-31 18:57:40]   [SUCCESS] 化学 已入库
[2026-01-31 18:57:43] Processing Week 05 | 生物: 细胞中的糖类和脂质
[2026-01-31 18:58:47]   [EMPTY] 返回无效，重试 1
[2026-01-31 19:00:10]   [SUCCESS] 生物 已入库
[2026-01-31 19:00:13] Processing Week 05 | 英语: Unit 2: Travelling Around (Reading)
[2026-01-31 19:01:06]   [EMPTY] 返回无效，重试 1
[2026-01-31 19:02:24]   [EMPTY] 返回无效，重试 2
[2026-01-31 19:03:33]   [SUCCESS] 英语 已入库
[2026-01-31 19:03:36] Processing Week 05 | 语文: 芣苢 / 插秧歌 (诗经)
[2026-01-31 19:04:44]   [SUCCESS] 语文 已入库
[2026-01-31 19:04:47] Processing Week 06 | 物理: 自由落体运动
[2026-01-31 19:05:54]   [EMPTY] 返回无效，重试 1
[2026-01-31 19:07:09]   [EMPTY] 返回无效，重试 2
[2026-01-31 19:08:05]   [EMPTY] 返回无效，重试 3
[2026-01-31 19:08:15]   [FAILED] 物理 跳过
[2026-01-31 19:08:18] Processing Week 06 | 化学: 离子方程式的书写与正误判断
[2026-01-31 19:08:49]   [EMPTY] 返回无效，重试 1
[2026-01-31 19:09:53]   [EMPTY] 返回无效，重试 2
[2026-01-31 19:10:56]   [EMPTY] 返回无效，重试 3
[2026-01-31 19:11:06]   [FAILED] 化学 跳过
[2026-01-31 19:11:09] Processing Week 06 | 生物: 细胞膜的结构与功能
[2026-01-31 19:11:50]   [SUCCESS] 生物 已入库
[2026-01-31 19:11:53] Processing Week 06 | 英语: Unit 2: Grammar (Present Continuous)
[2026-01-31 19:12:48]   [EMPTY] 返回无效，重试 1
[2026-01-31 19:14:04]   [EMPTY] 返回无效，重试 2
[2026-01-31 19:15:22]   [EMPTY] 返回无效，重试 3
[2026-01-31 19:15:32]   [FAILED] 英语 跳过
[2026-01-31 19:15:35] Processing Week 06 | 语文: 短歌行 / 归园田居
[2026-01-31 19:16:33]   [SUCCESS] 语文 已入库
[2026-01-31 19:16:36] Processing Week 07 | 数学: 函数的奇偶性
[2026-01-31 19:17:21]   [EMPTY] 返回无效，重试 1
[2026-01-31 19:18:26]   [EMPTY] 返回无效，重试 2
[2026-01-31 19:19:23]   [EMPTY] 返回无效，重试 3
[2026-01-31 19:19:33]   [FAILED] 数学 跳过
[2026-01-31 19:19:36] Processing Week 07 | 物理: 伽利略对自由落体的研究
[2026-01-31 19:20:45]   [SUCCESS] 物理 已入库
[2026-01-31 19:20:48] Processing Week 07 | 化学: 氧化还原反应(电子转移)
[2026-01-31 19:21:32]   [EMPTY] 返回无效，重试 1
[2026-01-31 19:22:32]   [EMPTY] 返回无效，重试 2
[2026-01-31 19:23:55]   [EMPTY] 返回无效，重试 3
[2026-01-31 19:24:05]   [FAILED] 化学 跳过
[2026-01-31 19:24:08] Processing Week 07 | 生物: 细胞器——系统内的分工
[2026-01-31 19:25:12]   [SUCCESS] 生物 已入库
[2026-01-31 19:25:15] Processing Week 07 | 英语: Unit 2: Video & Writing
[2026-01-31 19:26:15]   [EMPTY] 返回无效，重试 1
[2026-01-31 19:27:27]   [SUCCESS] 英语 已入库
[2026-01-31 19:27:30] Processing Week 07 | 语文: 梦游天姥吟留别 (李白)
[2026-01-31 19:28:40]   [SUCCESS] 语文 已入库
[2026-01-31 19:28:43] Processing Week 08 | 数学: 幂函数
[2026-01-31 19:30:08]   [EMPTY] 返回无效，重试 1
[2026-01-31 19:30:54]   [EMPTY] 返回无效，重试 2
[2026-01-31 19:32:00]   [EMPTY] 返回无效，重试 3
[2026-01-31 19:32:10]   [FAILED] 数学 跳过
[2026-01-31 19:32:13] Processing Week 08 | 物理: 重力与弹力
[2026-01-31 19:33:24]   [EMPTY] 返回无效，重试 1
[2026-01-31 19:34:22]   [EMPTY] 返回无效，重试 2
[2026-01-31 19:35:30]   [EMPTY] 返回无效，重试 3
[2026-01-31 19:35:40]   [FAILED] 物理 跳过
[2026-01-31 19:35:43] Processing Week 08 | 化学: 氧化剂与还原剂
[2026-01-31 19:36:28]   [EMPTY] 返回无效，重试 1
[2026-01-31 19:38:01]   [EMPTY] 返回无效，重试 2
[2026-01-31 19:39:06]   [EMPTY] 返回无效，重试 3
[2026-01-31 19:39:16]   [FAILED] 化学 跳过
[2026-01-31 19:39:19] Processing Week 08 | 生物: 细胞核——系统的控制中心
[2026-01-31 19:40:13]   [SUCCESS] 生物 已入库
[2026-01-31 19:40:16] Processing Week 08 | 英语: Unit 3: Sports and Fitness
[2026-01-31 19:40:50]   [SUCCESS] 英语 已入库
[2026-01-31 19:40:53] Processing Week 08 | 语文: 琵琶行 (白居易)
[2026-01-31 19:42:21]   [SUCCESS] 语文 已入库
[2026-01-31 19:42:24] Processing Week 09 | 数学: 指数与指数函数
[2026-01-31 19:43:28]   [EMPTY] 返回无效，重试 1
[2026-01-31 19:44:27]   [EMPTY] 返回无效，重试 2
[2026-01-31 19:45:37]   [EMPTY] 返回无效，重试 3
[2026-01-31 19:45:47]   [FAILED] 数学 跳过
[2026-01-31 19:45:50] Processing Week 09 | 物理: 摩擦力(静摩擦/滑动摩擦)
[2026-01-31 19:46:45]   [EMPTY] 返回无效，重试 1
[2026-01-31 19:47:51]   [EMPTY] 返回无效，重试 2
[2026-01-31 19:49:04]   [EMPTY] 返回无效，重试 3
[2026-01-31 19:49:14]   [FAILED] 物理 跳过
[2026-01-31 19:49:17] Processing Week 09 | 化学: 钠及其化合物
[2026-01-31 19:50:01]   [EMPTY] 返回无效，重试 1
[2026-01-31 19:50:47]   [EMPTY] 返回无效，重试 2
[2026-01-31 19:52:06]   [EMPTY] 返回无效，重试 3
[2026-01-31 19:52:16]   [FAILED] 化学 跳过
[2026-01-31 19:52:19] Processing Week 09 | 生物: 物质跨膜运输的实例
[2026-01-31 19:53:40]   [SUCCESS] 生物 已入库
[2026-01-31 19:53:43] Processing Week 09 | 英语: Unit 3: Grammar (Adjectives)
[2026-01-31 19:54:46]   [EMPTY] 返回无效，重试 1
[2026-01-31 19:55:57]   [SUCCESS] 英语 已入库
[2026-01-31 19:56:00] Processing Week 09 | 语文: 念奴娇·赤壁怀古 (苏轼)
[2026-01-31 19:56:48]   [EMPTY] 返回无效，重试 1
[2026-01-31 19:57:50]   [SUCCESS] 语文 已入库
[2026-01-31 19:57:53] Processing Week 11 | 物理: 力的合成
[2026-01-31 19:59:49]   [EMPTY] 返回无效，重试 1
[2026-01-31 20:00:38]   [EMPTY] 返回无效，重试 2
[2026-01-31 20:01:48]   [EMPTY] 返回无效，重试 3
[2026-01-31 20:01:58]   [FAILED] 物理 跳过
[2026-01-31 20:02:01] Processing Week 11 | 化学: 氯气及其化合物
[2026-01-31 20:03:34]   [EMPTY] 返回无效，重试 1
[2026-01-31 20:04:52]   [EMPTY] 返回无效，重试 2
[2026-01-31 20:06:17]   [EMPTY] 返回无效，重试 3
[2026-01-31 20:06:27]   [FAILED] 化学 跳过
[2026-01-31 20:06:30] Processing Week 11 | 生物: 生物膜的流动镶嵌模型
[2026-01-31 20:07:42]   [SUCCESS] 生物 已入库
[2026-01-31 20:07:45] Processing Week 11 | 英语: Unit 4: Natural Disasters
[2026-01-31 20:09:00]   [EMPTY] 返回无效，重试 1
[2026-01-31 20:10:00]   [EMPTY] 返回无效，重试 2
[2026-01-31 20:11:03]   [SUCCESS] 英语 已入库
[2026-01-31 20:11:06] Processing Week 11 | 语文: 永遇乐·京口北固亭怀古
[2026-01-31 20:12:28]   [SUCCESS] 语文 已入库
[2026-01-31 20:12:31] Processing Week 12 | 数学: 函数的应用(零点/模型)
[2026-01-31 20:13:11]   [EMPTY] 返回无效，重试 1
[2026-01-31 20:14:11]   [EMPTY] 返回无效，重试 2
[2026-01-31 20:15:22]   [EMPTY] 返回无效，重试 3
[2026-01-31 20:15:32]   [FAILED] 数学 跳过
[2026-01-31 20:15:35] Processing Week 12 | 物理: 力的分解
[2026-01-31 20:16:54]   [EMPTY] 返回无效，重试 1
[2026-01-31 20:18:11]   [EMPTY] 返回无效，重试 2
[2026-01-31 20:19:25]   [EMPTY] 返回无效，重试 3
[2026-01-31 20:19:35]   [FAILED] 物理 跳过
[2026-01-31 20:19:38] Processing Week 12 | 化学: 铁及其化合物
[2026-01-31 20:20:28]   [EMPTY] 返回无效，重试 1
[2026-01-31 20:21:20]   [EMPTY] 返回无效，重试 2
[2026-01-31 20:22:34]   [EMPTY] 返回无效，重试 3
[2026-01-31 20:22:44]   [FAILED] 化学 跳过
[2026-01-31 20:22:47] Processing Week 12 | 生物: 物质跨膜运输的方式(主动/被动)
[2026-01-31 20:23:46]   [EMPTY] 返回无效，重试 1
[2026-01-31 20:24:57]   [SUCCESS] 生物 已入库
[2026-01-31 20:25:00] Processing Week 12 | 英语: Unit 4: Reading for Writing
[2026-01-31 20:28:34]   [EMPTY] 返回无效，重试 1
[2026-01-31 20:29:26]   [SUCCESS] 英语 已入库
[2026-01-31 20:29:29] Processing Week 12 | 语文: 声声慢 (李清照)
[2026-01-31 20:30:25]   [SUCCESS] 语文 已入库
[2026-01-31 20:30:28] Processing Week 13 | 数学: 任意角与弧度制
[2026-01-31 20:31:02]   [EMPTY] 返回无效，重试 1
[2026-01-31 20:31:55]   [EMPTY] 返回无效，重试 2
[2026-01-31 20:32:49]   [EMPTY] 返回无效，重试 3
[2026-01-31 20:32:59]   [FAILED] 数学 跳过
[2026-01-31 20:33:02] Processing Week 13 | 物理: 共点力的平衡
[2026-01-31 20:33:51]   [EMPTY] 返回无效，重试 1
[2026-01-31 20:34:39]   [EMPTY] 返回无效，重试 2
[2026-01-31 20:36:05]   [EMPTY] 返回无效，重试 3
[2026-01-31 20:36:15]   [FAILED] 物理 跳过
[2026-01-31 20:36:18] Processing Week 13 | 化学: 金属材料与合金
[2026-01-31 20:37:19]   [SUCCESS] 化学 已入库
[2026-01-31 20:37:22] Processing Week 13 | 生物: 酶的作用与本质
[2026-01-31 20:38:22]   [SUCCESS] 生物 已入库
[2026-01-31 20:38:25] Processing Week 13 | 英语: Unit 5: Languages Around the World
[2026-01-31 20:39:39]   [EMPTY] 返回无效，重试 1
[2026-01-31 20:41:09]   [EMPTY] 返回无效，重试 2
[2026-01-31 20:42:21]   [SUCCESS] 英语 已入库
[2026-01-31 20:42:24] Processing Week 13 | 语文: 劝学 (荀子)
[2026-01-31 20:43:51]   [SUCCESS] 语文 已入库
[2026-01-31 20:43:54] Processing Week 14 | 数学: 三角函数的概念
[2026-01-31 20:44:44]   [EMPTY] 返回无效，重试 1
[2026-01-31 20:46:01]   [EMPTY] 返回无效，重试 2
[2026-01-31 20:47:13]   [EMPTY] 返回无效，重试 3
[2026-01-31 20:47:23]   [FAILED] 数学 跳过
[2026-01-31 20:47:26] Processing Week 14 | 化学: 物质的量在化学方程式计算中的应用
[2026-01-31 20:48:24]   [EMPTY] 返回无效，重试 1
[2026-01-31 20:49:34]   [EMPTY] 返回无效，重试 2
[2026-01-31 20:50:46]   [EMPTY] 返回无效，重试 3
[2026-01-31 20:50:56]   [FAILED] 化学 跳过
[2026-01-31 20:50:59] Processing Week 14 | 生物: ATP的主要来源——细胞呼吸
[2026-01-31 20:51:54]   [EMPTY] 返回无效，重试 1
[2026-01-31 20:53:10]   [SUCCESS] 生物 已入库
[2026-01-31 20:53:13] Processing Week 14 | 英语: Unit 5: Grammar (Relative Clauses)
[2026-01-31 20:55:47]   [EMPTY] 返回无效，重试 1
[2026-01-31 20:57:19]   [EMPTY] 返回无效，重试 2
[2026-01-31 20:58:41]   [SUCCESS] 英语 已入库
[2026-01-31 20:58:44] Processing Week 14 | 语文: 师说 (韩愈)
[2026-01-31 20:59:57]   [SUCCESS] 语文 已入库
[2026-01-31 21:00:00] Processing Week 15 | 数学: 诱导公式
[2026-01-31 21:00:51]   [EMPTY] 返回无效，重试 1
[2026-01-31 21:02:34]   [EMPTY] 返回无效，重试 2
[2026-01-31 21:03:28]   [EMPTY] 返回无效，重试 3
[2026-01-31 21:03:38]   [FAILED] 数学 跳过
[2026-01-31 21:03:41] Processing Week 15 | 物理: 牛顿第二定律(实验探究)
[2026-01-31 21:04:47]   [EMPTY] 返回无效，重试 1
[2026-01-31 21:06:21]   [EMPTY] 返回无效，重试 2
[2026-01-31 21:07:33]   [EMPTY] 返回无效，重试 3
[2026-01-31 21:07:43]   [FAILED] 物理 跳过
[2026-01-31 21:07:46] Processing Week 15 | 化学: 元素周期表初步
[2026-01-31 21:09:23]   [EMPTY] 返回无效，重试 1
[2026-01-31 21:10:26]   [EMPTY] 返回无效，重试 2
[2026-01-31 21:11:46]   [SUCCESS] 化学 已入库
[2026-01-31 21:11:49] Processing Week 15 | 生物: 能量之源——光与光合作用
[2026-01-31 21:12:31]   [EMPTY] 返回无效，重试 1
[2026-01-31 21:13:39]   [EMPTY] 返回无效，重试 2
[2026-01-31 21:14:41]   [EMPTY] 返回无效，重试 3
[2026-01-31 21:14:51]   [FAILED] 生物 跳过
[2026-01-31 21:14:54] Processing Week 15 | 英语: Workbook Exercise
[2026-01-31 21:15:49]   [EMPTY] 返回无效，重试 1
[2026-01-31 21:16:58]   [EMPTY] 返回无效，重试 2
[2026-01-31 21:18:03]   [EMPTY] 返回无效，重试 3
[2026-01-31 21:18:13]   [FAILED] 英语 跳过
[2026-01-31 21:18:16] Processing Week 15 | 语文: 反对党八股 (毛泽东)
[2026-01-31 21:19:11]   [EMPTY] 返回无效，重试 1
[2026-01-31 21:20:32]   [SUCCESS] 语文 已入库
[2026-01-31 21:20:35] Processing Week 16 | 数学: 正弦函数与余弦函数的图像
[2026-01-31 21:21:24]   [EMPTY] 返回无效，重试 1
[2026-01-31 21:22:11]   [EMPTY] 返回无效，重试 2
[2026-01-31 21:23:23]   [EMPTY] 返回无效，重试 3
[2026-01-31 21:23:33]   [FAILED] 数学 跳过
[2026-01-31 21:23:36] Processing Week 16 | 物理: 牛顿第二定律的应用
[2026-01-31 21:24:46]   [EMPTY] 返回无效，重试 1
[2026-01-31 21:26:01]   [EMPTY] 返回无效，重试 2
[2026-01-31 21:27:40]   [EMPTY] 返回无效，重试 3
[2026-01-31 21:27:50]   [FAILED] 物理 跳过
[2026-01-31 21:27:53] Processing Week 16 | 化学: 原子结构与核外电子排布
[2026-01-31 21:28:53]   [EMPTY] 返回无效，重试 1
[2026-01-31 21:29:50]   [EMPTY] 返回无效，重试 2
[2026-01-31 21:32:09]   [EMPTY] 返回无效，重试 3
[2026-01-31 21:32:19]   [FAILED] 化学 跳过
[2026-01-31 21:32:22] Processing Week 16 | 生物: 细胞的增殖(有丝分裂)
[2026-01-31 21:33:39]   [EMPTY] 返回无效，重试 1
[2026-01-31 21:35:13]   [EMPTY] 返回无效，重试 2
[2026-01-31 21:37:21]   [EMPTY] 返回无效，重试 3
[2026-01-31 21:37:31]   [FAILED] 生物 跳过
[2026-01-31 21:37:34] Processing Week 16 | 英语: Review Unit 1-5
[2026-01-31 21:39:09]   [EMPTY] 返回无效，重试 1
[2026-01-31 21:40:41]   [EMPTY] 返回无效，重试 2
[2026-01-31 21:41:35]   [EMPTY] 返回无效，重试 3
[2026-01-31 21:41:45]   [FAILED] 英语 跳过
[2026-01-31 21:41:48] Processing Week 16 | 语文: 拿来主义 (鲁迅)
[2026-01-31 21:43:11]   [SUCCESS] 语文 已入库
[2026-01-31 21:43:14] Processing Week 17 | 数学: 三角函数的性质(周期/振幅)
[2026-01-31 21:44:03]   [EMPTY] 返回无效，重试 1
[2026-01-31 21:44:50]   [EMPTY] 返回无效，重试 2
[2026-01-31 21:45:57]   [EMPTY] 返回无效，重试 3
[2026-01-31 21:46:07]   [FAILED] 数学 跳过
[2026-01-31 21:46:10] Processing Week 17 | 物理: 力学单位制
[2026-01-31 21:47:14]   [SUCCESS] 物理 已入库
[2026-01-31 21:47:17] Processing Week 17 | 化学: 元素周期律
[2026-01-31 21:52:17]   [EMPTY] 返回无效，重试 1
[2026-01-31 21:53:35]   [SUCCESS] 化学 已入库
[2026-01-31 21:53:38] Processing Week 17 | 生物: 细胞的分化
[2026-01-31 21:54:45]   [EMPTY] 返回无效，重试 1
[2026-01-31 21:56:13]   [SUCCESS] 生物 已入库
[2026-01-31 21:56:16] Processing Week 17 | 英语: Listening Comprehension Practice
[2026-01-31 21:56:59]   [SUCCESS] 英语 已入库
[2026-01-31 21:57:02] Processing Week 17 | 语文: 故都的秋 (郁达夫)
[2026-01-31 21:57:48]   [SUCCESS] 语文 已入库
[2026-01-31 21:57:51] Processing Week 18 | 数学: 三角恒等变换(两角和差)
[2026-01-31 21:58:43]   [EMPTY] 返回无效，重试 1
[2026-01-31 21:59:56]   [EMPTY] 返回无效，重试 2
[2026-01-31 22:00:54]   [EMPTY] 返回无效，重试 3
[2026-01-31 22:01:04]   [FAILED] 数学 跳过
[2026-01-31 22:01:07] Processing Week 18 | 物理: 超重与失重
[2026-01-31 22:02:13]   [EMPTY] 返回无效，重试 1
[2026-01-31 22:03:46]   [EMPTY] 返回无效，重试 2
[2026-01-31 22:04:59]   [EMPTY] 返回无效，重试 3
[2026-01-31 22:05:09]   [FAILED] 物理 跳过
[2026-01-31 22:05:12] Processing Week 18 | 化学: 化学键(离子键/共价键)
[2026-01-31 22:06:27]   [EMPTY] 返回无效，重试 1
[2026-01-31 22:07:57]   [EMPTY] 返回无效，重试 2
[2026-01-31 22:09:01]   [SUCCESS] 化学 已入库
[2026-01-31 22:09:04] Processing Week 18 | 生物: 细胞的衰老和凋亡
[2026-01-31 22:10:21]   [SUCCESS] 生物 已入库
[2026-01-31 22:10:24] Processing Week 18 | 英语: Reading Comprehension Practice
[2026-01-31 22:11:11]   [SUCCESS] 英语 已入库
[2026-01-31 22:11:14] Processing Week 18 | 语文: 荷塘月色 (朱自清)
[2026-01-31 22:12:00]   [SUCCESS] 语文 已入库
[2026-01-31 22:12:03] Processing Week 19 | 数学: 三角函数综合应用
[2026-01-31 22:13:05]   [EMPTY] 返回无效，重试 1
[2026-01-31 22:13:58]   [EMPTY] 返回无效，重试 2
[2026-01-31 22:14:51]   [EMPTY] 返回无效，重试 3
[2026-01-31 22:15:01]   [FAILED] 数学 跳过
[2026-01-31 22:15:04] Processing Week 19 | 物理: 牛顿运动定律综合应用
[2026-01-31 22:16:06]   [EMPTY] 返回无效，重试 1
[2026-01-31 22:17:24]   [EMPTY] 返回无效，重试 2
[2026-01-31 22:18:19]   [EMPTY] 返回无效，重试 3
[2026-01-31 22:18:29]   [FAILED] 物理 跳过
[2026-01-31 22:18:32] Processing Week 19 | 化学: 必修一总复习
[2026-01-31 22:19:15]   [EMPTY] 返回无效，重试 1
[2026-01-31 22:20:25]   [SUCCESS] 化学 已入库
[2026-01-31 22:20:28] Processing Week 19 | 生物: 细胞的癌变
[2026-01-31 22:21:46]   [SUCCESS] 生物 已入库
[2026-01-31 22:21:49] Processing Week 19 | 英语: Writing Practice (Essays)
[2026-01-31 22:22:25]   [SUCCESS] 英语 已入库
[2026-01-31 22:22:28] Processing Week 19 | 语文: 必修上册古诗文默写
[2026-01-31 22:23:15]   [EMPTY] 返回无效，重试 1
[2026-01-31 22:24:19]   [EMPTY] 返回无效，重试 2
[2026-01-31 22:25:03]   [EMPTY] 返回无效，重试 3
[2026-01-31 22:25:13]   [FAILED] 语文 跳过
[2026-01-31 22:25:16] Processing Week 21 | 数学: 平面向量的概念
[2026-01-31 22:26:18]   [EMPTY] 返回无效，重试 1
[2026-01-31 22:27:17]   [EMPTY] 返回无效，重试 2
[2026-01-31 22:28:25]   [EMPTY] 返回无效，重试 3
[2026-01-31 22:28:35]   [FAILED] 数学 跳过
[2026-01-31 22:28:38] Processing Week 21 | 物理: 曲线运动
[2026-01-31 22:29:30]   [EMPTY] 返回无效，重试 1
[2026-02-01 05:11:22] 🚀 [天库大阵] 开始执行持久化命题任务...
[2026-02-01 05:11:22] Processing Week 01 | 化学: 物质的分类与转化
[2026-02-01 05:12:17]   [ERROR] 'str' object has no attribute 'value'
[2026-02-01 05:12:35] 🚀 [天库大阵] 开始执行持久化命题任务...
[2026-02-01 05:12:35] Processing Week 01 | 化学: 物质的分类与转化
[2026-02-01 05:13:35]   [EMPTY] 返回无效，重试 1
[2026-02-01 05:13:45]   [ERROR] 'str' object has no attribute 'value'
[2026-02-01 05:14:40]   [EMPTY] 返回无效，重试 2
[2026-02-01 05:14:53]   [EMPTY] 返回无效，重试 3
[2026-02-01 05:15:03]   [FAILED] 化学 跳过
[2026-02-01 05:15:06] Processing Week 02 | 数学: 集合的基本关系与运算
[2026-02-01 05:15:29]   [EMPTY] 返回无效，重试 3
[2026-02-01 05:15:39]   [FAILED] 化学 跳过
[2026-02-01 05:15:42] Processing Week 02 | 数学: 集合的基本关系与运算
[2026-02-01 05:15:54]   [EMPTY] 返回无效，重试 1
[2026-02-01 05:16:27]   [EMPTY] 返回无效，重试 1
[2026-02-01 05:16:48]   [EMPTY] 返回无效，重试 2
[2026-02-01 05:17:10]   [EMPTY] 返回无效，重试 2
[2026-02-01 05:17:49]   [EMPTY] 返回无效，重试 3
[2026-02-01 05:17:59]   [FAILED] 数学 跳过
[2026-02-01 05:18:02] Processing Week 03 | 数学: 充分条件与必要条件
[2026-02-01 05:18:37]   [EMPTY] 返回无效，重试 3
[2026-02-01 05:18:47]   [FAILED] 数学 跳过
[2026-02-01 05:18:50] Processing Week 03 | 数学: 充分条件与必要条件
[2026-02-01 05:19:13]   [EMPTY] 返回无效，重试 1
[2026-02-01 05:19:48]   [EMPTY] 返回无效，重试 1
[2026-02-01 05:20:53]   [EMPTY] 返回无效，重试 2
[2026-02-01 05:21:35]   [EMPTY] 返回无效，重试 2
[2026-02-01 05:22:04]   [EMPTY] 返回无效，重试 3
[2026-02-01 05:22:14]   [FAILED] 数学 跳过
[2026-02-01 05:22:17] Processing Week 03 | 物理: 速度与速率
[2026-02-01 05:22:35]   [EMPTY] 返回无效，重试 3
[2026-02-01 05:22:45]   [FAILED] 数学 跳过
[2026-02-01 05:22:48] Processing Week 03 | 物理: 速度与速率
[2026-02-01 05:23:17]   [EMPTY] 返回无效，重试 1
[2026-02-01 05:23:48]   [EMPTY] 返回无效，重试 1
[2026-02-01 05:24:48]   [EMPTY] 返回无效，重试 2
[2026-02-01 05:24:54]   [EMPTY] 返回无效，重试 2
[2026-02-01 05:25:34]   [EMPTY] 返回无效，重试 3
[2026-02-01 05:25:44]   [FAILED] 物理 跳过
[2026-02-01 05:25:47] Processing Week 03 | 化学: 气体摩尔体积
[2026-02-01 05:26:28]   [EMPTY] 返回无效，重试 3
[2026-02-01 05:26:38]   [FAILED] 物理 跳过
[2026-02-01 05:26:41]   [EMPTY] 返回无效，重试 1
[2026-02-01 05:26:41] Processing Week 03 | 化学: 气体摩尔体积
[2026-02-01 05:27:43]   [EMPTY] 返回无效，重试 1
[2026-02-01 05:28:05]   [EMPTY] 返回无效，重试 2
[2026-02-01 05:28:44]   [EMPTY] 返回无效，重试 2
[2026-02-01 05:29:22]   [SUCCESS] 化学 已入库
[2026-02-01 05:29:25] Processing Week 03 | 英语: Unit 1: Grammar (Noun Phrases)
[2026-02-01 05:29:48]   [EMPTY] 返回无效，重试 3
[2026-02-01 05:29:58]   [FAILED] 化学 跳过
[2026-02-01 05:30:01] Processing Week 03 | 英语: Unit 1: Grammar (Noun Phrases)
[2026-02-01 05:30:17] 🚀 [天库大阵] 开始执行持久化命题任务...
[2026-02-01 05:30:17] Processing Week 01 | 化学: 物质的分类与转化
[2026-02-01 05:30:52] 🚀 [天库大阵] 开始执行持久化命题任务...
[2026-02-01 05:30:52] Processing Week 01 | 化学: 物质的分类与转化
[2026-02-01 05:31:29]   [EMPTY] 返回无效，重试 1
[2026-02-01 05:32:00]   [EMPTY] 返回无效，重试 2
[2026-02-01 05:32:42]   [EMPTY] 返回无效，重试 3
[2026-02-01 05:32:52]   [FAILED] 化学 跳过
[2026-02-01 05:32:55] Processing Week 02 | 数学: 集合的基本关系与运算
[2026-02-01 05:33:25]   [EMPTY] 返回无效，重试 1
[2026-02-01 05:33:59]   [EMPTY] 返回无效，重试 2
[2026-02-01 05:34:19] 🚀 [天库大阵] 开始执行持久化命题任务...
[2026-02-01 05:34:19] Processing Week 01 | 化学: 物质的分类与转化
[2026-02-01 05:34:44]   [EMPTY] 返回内容太短或为空: None
[2026-02-01 05:35:31]   [EMPTY] 返回内容太短或为空: None
[2026-02-01 05:35:55] 🚀 [天库大阵] 开始执行持久化命题任务...
[2026-02-01 05:35:55] Processing Week 01 | 化学: 物质的分类与转化
[2026-02-01 05:37:19] 🚀 [天库大阵] 开始执行持久化命题任务...
[2026-02-01 05:37:19] Processing Week 01 | 化学: 物质的分类与转化
[2026-02-01 05:39:13] 🚀 [天库大阵] 开始执行持久化命题任务...
[2026-02-01 05:39:13] Processing Week 01 | 化学: 物质的分类与转化
[2026-02-01 05:41:32]   [SUCCESS] 化学 已入库
[2026-02-01 05:41:35] Processing Week 02 | 数学: 集合的基本关系与运算
[2026-02-01 05:42:33] 🚀 [天库大阵] 开始执行持久化命题任务...
[2026-02-01 05:42:33] Processing Week 02 | 数学: 集合的基本关系与运算
[2026-02-01 05:45:46] 🚀 [天库大阵] 开始执行持久化命题任务...
[2026-02-01 05:45:46] Processing Week 02 | 数学: 集合的基本关系与运算
[2026-02-01 05:47:03]   [SUCCESS] 数学 已入库
[2026-02-01 05:47:06] Processing Week 03 | 数学: 充分条件与必要条件
[2026-02-01 05:47:13] 🚀 [天库大阵] 开始执行持久化命题任务...
[2026-02-01 05:47:13] Processing Week 03 | 数学: 充分条件与必要条件
[2026-02-01 05:47:18]   [EMPTY] 返回内容太短或为空: None
[2026-02-01 05:47:35]   [EMPTY] 返回内容太短或为空: None
[2026-02-01 05:47:54]   [EMPTY] 返回内容太短或为空: None
[2026-02-01 05:48:04]   [FAILED] 数学 跳过
[2026-02-01 05:48:07] Processing Week 03 | 物理: 速度与速率
[2026-02-01 05:48:24]   [EMPTY] 返回内容太短或为空: None
[2026-02-01 05:48:41]   [EMPTY] 返回内容太短或为空: None
[2026-02-01 05:49:02]   [EMPTY] 返回内容太短或为空: None
[2026-02-01 05:49:12]   [FAILED] 物理 跳过
[2026-02-01 05:49:15] Processing Week 03 | 英语: Unit 1: Grammar (Noun Phrases)
[2026-02-01 05:49:22]   [EMPTY] 返回内容太短或为空: None
[2026-02-01 05:49:37]   [EMPTY] 返回内容太短或为空: None
[2026-02-01 05:49:56]   [EMPTY] 返回内容太短或为空: None
[2026-02-01 05:50:06]   [FAILED] 英语 跳过
[2026-02-01 05:50:09] Processing Week 04 | 数学: 一元二次函数与不等式
[2026-02-01 05:50:14]   [EMPTY] 返回内容太短或为空: None
[2026-02-01 05:52:17] 🚀 [天库大阵] 开始执行持久化命题任务...
[2026-02-01 05:52:17] Processing Week 03 | 数学: 充分条件与必要条件
[2026-02-01 05:52:19]   [SUCCESS] 数学 已入库
[2026-02-01 05:52:22] Processing Week 03 | 物理: 速度与速率
[2026-02-01 05:52:25]   [SUCCESS] 物理 已入库
[2026-02-01 05:52:28] Processing Week 03 | 英语: Unit 1: Grammar (Noun Phrases)
[2026-02-01 05:52:32]   [SUCCESS] 英语 已入库
[2026-02-01 05:52:35] Processing Week 04 | 数学: 一元二次函数与不等式
[2026-02-01 05:52:37]   [SUCCESS] 数学 已入库
[2026-02-01 05:52:40] Processing Week 05 | 数学: 函数的概念与表示
[2026-02-01 05:52:41]   [SUCCESS] 数学 已入库
[2026-02-01 05:52:44] Processing Week 05 | 物理: 匀变速直线运动的规律
[2026-02-01 05:52:47]   [SUCCESS] 物理 已入库
[2026-02-01 05:52:50] Processing Week 06 | 物理: 自由落体运动
[2026-02-01 05:52:51]   [SUCCESS] 物理 已入库
[2026-02-01 05:52:54] Processing Week 06 | 化学: 离子方程式的书写与正误判断
[2026-02-01 05:52:56]   [SUCCESS] 化学 已入库
[2026-02-01 05:52:59] Processing Week 06 | 英语: Unit 2: Grammar (Present Continuous)
[2026-02-01 05:53:01]   [SUCCESS] 英语 已入库
[2026-02-01 05:53:04] Processing Week 07 | 数学: 函数的奇偶性
[2026-02-01 05:53:05]   [SUCCESS] 数学 已入库
[2026-02-01 05:53:08] Processing Week 07 | 化学: 氧化还原反应(电子转移)
[2026-02-01 05:53:27]   [SUCCESS] 化学 已入库
[2026-02-01 05:53:30] Processing Week 08 | 数学: 幂函数
[2026-02-01 05:53:32]   [SUCCESS] 数学 已入库
[2026-02-01 05:53:35] Processing Week 08 | 物理: 重力与弹力
[2026-02-01 05:53:44]   [SUCCESS] 物理 已入库
[2026-02-01 05:53:47] Processing Week 08 | 化学: 氧化剂与还原剂
[2026-02-01 05:53:50]   [SUCCESS] 化学 已入库
[2026-02-01 05:53:53] Processing Week 09 | 数学: 指数与指数函数
[2026-02-01 05:53:55]   [SUCCESS] 数学 已入库
[2026-02-01 05:53:58] Processing Week 09 | 物理: 摩擦力(静摩擦/滑动摩擦)
[2026-02-01 05:54:04]   [SUCCESS] 物理 已入库
[2026-02-01 05:54:07] Processing Week 09 | 化学: 钠及其化合物
[2026-02-01 05:54:09]   [SUCCESS] 化学 已入库
[2026-02-01 05:54:12] Processing Week 11 | 物理: 力的合成
[2026-02-01 05:54:13]   [SUCCESS] 物理 已入库
[2026-02-01 05:54:16] Processing Week 11 | 化学: 氯气及其化合物
[2026-02-01 05:54:18]   [SUCCESS] 化学 已入库
[2026-02-01 05:54:21] Processing Week 12 | 数学: 函数的应用(零点/模型)
[2026-02-01 05:54:22]   [SUCCESS] 数学 已入库
[2026-02-01 05:54:25] Processing Week 12 | 物理: 力的分解
[2026-02-01 05:54:28]   [SUCCESS] 物理 已入库
[2026-02-01 05:54:30] 🚀 [天库大阵] 开始执行持久化命题任务...
[2026-02-01 05:54:30] Processing Week 12 | 化学: 铁及其化合物
[2026-02-01 05:54:30]   [EMPTY] 返回内容太短或为空: None
[2026-02-01 05:54:40]   [EMPTY] 返回内容太短或为空: None
[2026-02-01 05:54:50]   [EMPTY] 返回内容太短或为空: None
[2026-02-01 05:55:00]   [FAILED] 化学 跳过
[2026-02-01 05:55:03] Processing Week 13 | 数学: 任意角与弧度制
[2026-02-01 05:55:03]   [EMPTY] 返回内容太短或为空: None
[2026-02-01 05:55:13]   [EMPTY] 返回内容太短或为空: None
[2026-02-01 05:55:23]   [EMPTY] 返回内容太短或为空: None
[2026-02-01 05:55:33]   [FAILED] 数学 跳过
[2026-02-01 05:55:36] Processing Week 13 | 物理: 共点力的平衡
[2026-02-01 05:55:36]   [EMPTY] 返回内容太短或为空: None
[2026-02-01 05:55:41] 🚀 [天库大阵] 开始执行持久化命题任务...
[2026-02-01 05:55:41] Processing Week 12 | 化学: 铁及其化合物
[2026-02-01 05:55:47]   [EMPTY] 返回内容太短或为空: None
[2026-02-01 05:56:04]   [EMPTY] 返回内容太短或为空: None
[2026-02-01 05:57:26]   [EMPTY] 返回内容太短或为空: None
[2026-02-01 05:57:36]   [FAILED] 化学 跳过
[2026-02-01 05:57:39] Processing Week 13 | 数学: 任意角与弧度制
[2026-02-01 05:57:57]   [EMPTY] 返回内容太短或为空: None
[2026-02-01 05:58:11]   [EMPTY] 返回内容太短或为空: None
[2026-02-01 06:00:34] 🚀 [天库大阵] 开始执行持久化命题任务...
[2026-02-01 06:00:34] Processing Week 12 | 化学: 铁及其化合物
[2026-02-01 06:00:34]   [EMPTY] 返回内容太短或为空: None
[2026-02-01 06:00:44]   [EMPTY] 返回内容太短或为空: None
[2026-02-01 06:00:54]   [EMPTY] 返回内容太短或为空: None
[2026-02-01 06:01:04]   [FAILED] 化学 跳过
[2026-02-01 06:01:07] Processing Week 13 | 数学: 任意角与弧度制
[2026-02-01 06:01:07]   [EMPTY] 返回内容太短或为空: None
[2026-02-01 06:01:17]   [EMPTY] 返回内容太短或为空: None
[2026-02-01 06:05:18] 🚀 [天库大阵] 开始执行持久化命题任务...
[2026-02-01 06:05:18] Processing Week 12 | 化学: 铁及其化合物
[2026-02-01 06:05:20]   [SUCCESS] 化学 已入库
[2026-02-01 06:05:23] Processing Week 13 | 数学: 任意角与弧度制
[2026-02-01 06:05:48]   [SUCCESS] 数学 已入库
[2026-02-01 06:05:51] Processing Week 13 | 物理: 共点力的平衡
[2026-02-01 06:05:56]   [SUCCESS] 物理 已入库
[2026-02-01 06:05:59] Processing Week 14 | 数学: 三角函数的概念
[2026-02-01 06:06:05]   [SUCCESS] 数学 已入库
[2026-02-01 06:06:08] Processing Week 14 | 化学: 物质的量在化学方程式计算中的应用
[2026-02-01 06:06:10]   [SUCCESS] 化学 已入库
[2026-02-01 06:06:13] Processing Week 15 | 数学: 诱导公式
[2026-02-01 06:06:16]   [SUCCESS] 数学 已入库
[2026-02-01 06:06:19] Processing Week 15 | 物理: 牛顿第二定律(实验探究)
[2026-02-01 06:06:21]   [SUCCESS] 物理 已入库
[2026-02-01 06:06:24] Processing Week 15 | 生物: 能量之源——光与光合作用
[2026-02-01 06:06:33]   [SUCCESS] 生物 已入库
[2026-02-01 06:06:36] Processing Week 15 | 英语: Workbook Exercise
[2026-02-01 06:07:59] 🚀 [天库大阵] 开始执行持久化命题任务...
[2026-02-01 06:07:59] Processing Week 15 | 英语: Workbook Exercise
[2026-02-01 06:08:01]   [SUCCESS] 英语 已入库
[2026-02-01 06:08:04] Processing Week 16 | 数学: 正弦函数与余弦函数的图像
[2026-02-01 06:08:07]   [SUCCESS] 数学 已入库
[2026-02-01 06:08:10] Processing Week 16 | 物理: 牛顿第二定律的应用
[2026-02-01 06:08:11]   [SUCCESS] 物理 已入库
[2026-02-01 06:08:14] Processing Week 16 | 化学: 原子结构与核外电子排布
[2026-02-01 06:08:17]   [SUCCESS] 化学 已入库
[2026-02-01 06:08:20] Processing Week 16 | 生物: 细胞的增殖(有丝分裂)
[2026-02-01 06:08:49]   [SUCCESS] 生物 已入库
[2026-02-01 06:08:52] Processing Week 16 | 英语: Review Unit 1-5
[2026-02-01 06:08:54]   [SUCCESS] 英语 已入库
[2026-02-01 06:08:57] Processing Week 17 | 数学: 三角函数的性质(周期/振幅)
[2026-02-01 06:08:58]   [SUCCESS] 数学 已入库
[2026-02-01 06:09:01] Processing Week 18 | 数学: 三角恒等变换(两角和差)
[2026-02-01 06:09:04]   [SUCCESS] 数学 已入库
[2026-02-01 06:09:07] Processing Week 18 | 物理: 超重与失重
nohup: ignoring input
[2026-02-01 06:11:06] 🚀 [天库大阵] 开始执行持久化命题任务...
[2026-02-01 06:11:06] Processing Week 18 | 物理: 超重与失重
[2026-02-01 06:11:07]   [SUCCESS] 物理 已入库
[2026-02-01 06:11:10] Processing Week 19 | 数学: 三角函数综合应用
[2026-02-01 06:11:12]   [SUCCESS] 数学 已入库
[2026-02-01 06:11:15] Processing Week 19 | 物理: 牛顿运动定律综合应用
[2026-02-01 06:11:20]   [SUCCESS] 物理 已入库
[2026-02-01 06:11:23] Processing Week 19 | 语文: 必修上册古诗文默写
nohup: ignoring input
[2026-02-01 06:16:11] 🚀 [天库大阵] 开始执行持久化命题任务...
[2026-02-01 06:16:11] Processing Week 19 | 语文: 必修上册古诗文默写
[2026-02-01 06:16:14]   [SUCCESS] 语文 已入库
[2026-02-01 06:16:17] Processing Week 21 | 数学: 平面向量的概念
[2026-02-01 06:16:27]   [SUCCESS] 数学 已入库
[2026-02-01 06:16:30] Processing Week 21 | 物理: 曲线运动
[2026-02-01 06:16:34]   [SUCCESS] 物理 已入库
[2026-02-01 06:16:37] Processing Week 21 | 化学: 硫及其化合物
[2026-02-01 06:16:41]   [SUCCESS] 化学 已入库
[2026-02-01 06:16:44] Processing Week 21 | 生物: 遗传因子的发现
[2026-02-01 06:16:47]   [SUCCESS] 生物 已入库
[2026-02-01 06:16:50] Processing Week 21 | 英语: Unit 1: Cultural Heritage
[2026-02-01 06:16:52]   [SUCCESS] 英语 已入库
[2026-02-01 06:16:55] ✅ [天库大阵] 功德圆满。
🚀 [天库大阵] 开始执行持久化命题任务...
Processing Week 19 | 语文: 必修上册古诗文默写
  [SUCCESS] 语文 已入库
Processing Week 21 | 数学: 平面向量的概念
  [SUCCESS] 数学 已入库
Processing Week 21 | 物理: 曲线运动
  [SUCCESS] 物理 已入库
Processing Week 21 | 化学: 硫及其化合物
  [SUCCESS] 化学 已入库
Processing Week 21 | 生物: 遗传因子的发现
  [SUCCESS] 生物 已入库
Processing Week 21 | 英语: Unit 1: Cultural Heritage
  [SUCCESS] 英语 已入库
✅ [天库大阵] 功德圆满。
nohup: ignoring input
[2026-02-01 06:28:32] 🚀 [天库大阵] 开始执行持久化命题任务...
[2026-02-01 06:28:32] ✅ [天库大阵] 功德圆满。
[2026-02-01 06:28:32] 🚀 [天库大阵] 开始执行持久化命题任务...
[2026-02-01 06:28:32] ✅ [天库大阵] 功德圆满。
nohup: ignoring input
[2026-02-01 06:29:33] 🚀 [天库大阵] 开始执行持久化命题任务...
[2026-02-01 06:29:33] ✅ [天库大阵] 功德圆满。
